Warning: You are sending unauthenticated requests to the HF Hub. Please set a HF_TOKEN to enable higher rate limits and faster downloads.
Loading weights:   0%|          | 0/103 [00:00<?, ?it/s]Loading weights:  50%|█████     | 52/103 [00:00<00:00, 503.15it/s]Loading weights: 100%|██████████| 103/103 [00:00<00:00, 716.68it/s]
[transformers] [1mBertForSequenceClassification LOAD REPORT[0m from: sentence-transformers/all-MiniLM-L6-v2
Key               | Status  | 
------------------+---------+-
classifier.weight | MISSING | 
classifier.bias   | MISSING | 

Notes:
- MISSING:	those params were newly initialized because missing from the checkpoint. Consider training on your downstream task.
[transformers] Token indices sequence length is longer than the specified maximum sequence length for this model (624 > 512). Running this sequence through the model will result in indexing errors
1200 windows, positive rate 0.280
step 0/75 loss 0.6872 46s
step 10/75 loss 0.5742 321s
step 20/75 loss 0.8901 424s
step 30/75 loss 0.4874 503s
step 40/75 loss 0.3590 586s
step 50/75 loss 0.4252 688s
step 60/75 loss 0.2599 785s
step 70/75 loss 0.3709 863s
/Users/sree/toolguard/toolguard/train.py:60: UserWarning: Converting a tensor with requires_grad=True to a scalar may lead to unexpected behavior.
Consider using tensor.detach() first. (Triggered internally at /Users/runner/work/pytorch/pytorch/torch/csrc/autograd/generated/python_variable_methods.cpp:821.)
  return float(logt.exp())
Writing model shards:   0%|          | 0/1 [00:00<?, ?it/s]Writing model shards: 100%|██████████| 1/1 [00:00<00:00,  1.31it/s]Writing model shards: 100%|██████████| 1/1 [00:00<00:00,  1.30it/s]
{"base_model": "sentence-transformers/all-MiniLM-L6-v2", "max_length": 256, "stride": 64, "temperature": 1.7669879825796393, "threshold": 0.6752322156920941, "threshold_rule": "1% FPR on validation documents", "train_file": "train", "train_windows": 1200, "epochs": 1.0, "seed": 0, "train_seconds": 976.4773170948029}
